// Jest Snapshot v1, https://goo.gl/fbAQLP

exports[`LazyPowerComponent should render correctly to match snapshot 1`] = `
<div>
  <button
    aria-label="landing-page-top-bar-button"
    class="chakra-button css-m1nxyu"
    type="button"
  >
    <svg
      aria-hidden="true"
      fill="currentColor"
      focusable="false"
      height="1em"
      viewBox="0 0 16 16"
      width="1em"
    >
      <path
        d="M14 1a1 1 0 011 1v12a1 1 0 01-1 1H2a1 1 0 01-1-1V2a1 1 0 011-1h12zM2 0a2 2 0 00-2 2v12a2 2 0 002 2h12a2 2 0 002-2V2a2 2 0 00-2-2H2z"
      />
      <path
        d="M8.93 6.588l-2.29.287-.082.38.45.083c.294.07.352.176.288.469l-.738 3.468c-.194.897.105 1.319.808 1.319.545 0 1.178-.252 1.465-.598l.088-.416c-.2.176-.492.246-.686.246-.275 0-.375-.193-.304-.533L8.93 6.588zM9 4.5a1 1 0 11-2 0 1 1 0 012 0z"
      />
    </svg>
  </button>
  <div
    aria-label="power-screen"
    class="css-1calmjw"
  >
    <div
      style="color: rgb(255, 255, 255);"
    >
      <svg
        height="100"
        viewBox="0 0 842 1000"
        width="84"
        xmlns="http://www.w3.org/2000/svg"
      >
        
      
        <path
          d="M824.666 779.304c-15.123 34.937-33.023 67.096-53.763 96.663-28.271 40.308-51.419 68.208-69.258 83.702-27.653 25.43-57.282 38.455-89.01 39.196-22.776 0-50.245-6.481-82.219-19.63-32.08-13.085-61.56-19.566-88.516-19.566-28.27 0-58.59 6.48-91.022 19.567-32.48 13.148-58.646 20-78.652 20.678-30.425 1.296-60.75-12.098-91.022-40.245-19.32-16.852-43.486-45.74-72.436-86.665-31.06-43.702-56.597-94.38-76.602-152.155C10.74 658.443 0 598.013 0 539.509c0-67.017 14.481-124.818 43.486-173.255 22.796-38.906 53.122-69.596 91.078-92.126 37.955-22.53 78.967-34.012 123.132-34.746 24.166 0 55.856 7.475 95.238 22.166 39.27 14.74 64.485 22.215 75.54 22.215 8.266 0 36.277-8.74 83.764-26.166 44.906-16.16 82.806-22.85 113.854-20.215 84.133 6.79 147.341 39.955 189.377 99.707-75.245 45.59-112.466 109.447-111.725 191.364.68 63.807 23.827 116.904 69.319 159.063 20.617 19.568 43.64 34.69 69.257 45.431-5.555 16.11-11.42 31.542-17.654 46.357zM631.71 20.006c0 50.011-18.27 96.707-54.69 139.928-43.949 51.38-97.108 81.071-154.754 76.386-.735-6-1.16-12.314-1.16-18.95 0-48.01 20.9-99.392 58.016-141.403 18.53-21.271 42.098-38.957 70.677-53.066C578.316 9.002 605.29 1.316 630.66 0c.74 6.686 1.05 13.372 1.05 20.005z"
          fill="#fff"
        />
        
    
      </svg>
    </div>
    <div
      class="css-0"
    >
      <button
        aria-label="power-button"
        class="chakra-button css-vryt08"
        type="button"
      >
        <svg
          aria-hidden="true"
          fill="currentColor"
          focusable="false"
          height="1.5em"
          viewBox="0 0 16 16"
          width="1.5em"
        >
          <path
            d="M7.5 1v7h1V1h-1z"
          />
          <path
            d="M3 8.812a4.999 4.999 0 012.578-4.375l-.485-.874A6 6 0 1011 3.616l-.501.865A5 5 0 113 8.812z"
          />
        </svg>
      </button>
    </div>
    <div
      class="css-nvyghe"
    >
      <p
        class="chakra-text css-20vt0i"
      >
        F
      </p>
      <p
        class="chakra-text css-20vt0i"
      >
        o
      </p>
      <p
        class="chakra-text css-20vt0i"
      >
        r
      </p>
      <p
        class="chakra-text css-20vt0i"
      >
         
      </p>
      <p
        class="chakra-text css-20vt0i"
      >
        b
      </p>
      <p
        class="chakra-text css-20vt0i"
      >
        e
      </p>
      <p
        class="chakra-text css-20vt0i"
      >
        s
      </p>
      <p
        class="chakra-text css-20vt0i"
      >
        t
      </p>
      <p
        class="chakra-text css-20vt0i"
      >
         
      </p>
      <p
        class="chakra-text css-20vt0i"
      >
        e
      </p>
      <p
        class="chakra-text css-20vt0i"
      >
        x
      </p>
      <p
        class="chakra-text css-20vt0i"
      >
        p
      </p>
      <p
        class="chakra-text css-20vt0i"
      >
        e
      </p>
      <p
        class="chakra-text css-20vt0i"
      >
        r
      </p>
      <p
        class="chakra-text css-20vt0i"
      >
        i
      </p>
      <p
        class="chakra-text css-20vt0i"
      >
        e
      </p>
      <p
        class="chakra-text css-20vt0i"
      >
        n
      </p>
      <p
        class="chakra-text css-20vt0i"
      >
        c
      </p>
      <p
        class="chakra-text css-20vt0i"
      >
        e
      </p>
      <p
        class="chakra-text css-20vt0i"
      >
        ,
      </p>
      <p
        class="chakra-text css-20vt0i"
      >
         
      </p>
      <p
        class="chakra-text css-20vt0i"
      >
        P
      </p>
      <p
        class="chakra-text css-20vt0i"
      >
        r
      </p>
      <p
        class="chakra-text css-20vt0i"
      >
        e
      </p>
      <p
        class="chakra-text css-20vt0i"
      >
        s
      </p>
      <p
        class="chakra-text css-20vt0i"
      >
        s
      </p>
      <p
        class="chakra-text css-20vt0i"
      >
         
      </p>
      <p
        class="chakra-text css-20vt0i"
      >
        \`
      </p>
      <p
        class="chakra-text css-20vt0i"
      >
        F
      </p>
      <p
        class="chakra-text css-20vt0i"
      >
        1
      </p>
      <p
        class="chakra-text css-20vt0i"
      >
        0
      </p>
      <p
        class="chakra-text css-20vt0i"
      >
        \`
      </p>
      <p
        class="chakra-text css-20vt0i"
      >
         
      </p>
      <p
        class="chakra-text css-20vt0i"
      >
        k
      </p>
      <p
        class="chakra-text css-20vt0i"
      >
        e
      </p>
      <p
        class="chakra-text css-20vt0i"
      >
        y
      </p>
      <p
        class="chakra-text css-20vt0i"
      >
         
      </p>
      <p
        class="chakra-text css-20vt0i"
      >
        t
      </p>
      <p
        class="chakra-text css-20vt0i"
      >
        o
      </p>
      <p
        class="chakra-text css-20vt0i"
      >
         
      </p>
      <p
        class="chakra-text css-20vt0i"
      >
        e
      </p>
      <p
        class="chakra-text css-20vt0i"
      >
        n
      </p>
      <p
        class="chakra-text css-20vt0i"
      >
        t
      </p>
      <p
        class="chakra-text css-20vt0i"
      >
        e
      </p>
      <p
        class="chakra-text css-20vt0i"
      >
        r
      </p>
      <p
        class="chakra-text css-20vt0i"
      >
         
      </p>
      <p
        class="chakra-text css-20vt0i"
      >
        f
      </p>
      <p
        class="chakra-text css-20vt0i"
      >
        u
      </p>
      <p
        class="chakra-text css-20vt0i"
      >
        l
      </p>
      <p
        class="chakra-text css-20vt0i"
      >
        l
      </p>
      <p
        class="chakra-text css-20vt0i"
      >
         
      </p>
      <p
        class="chakra-text css-20vt0i"
      >
        s
      </p>
      <p
        class="chakra-text css-20vt0i"
      >
        c
      </p>
      <p
        class="chakra-text css-20vt0i"
      >
        r
      </p>
      <p
        class="chakra-text css-20vt0i"
      >
        e
      </p>
      <p
        class="chakra-text css-20vt0i"
      >
        e
      </p>
      <p
        class="chakra-text css-20vt0i"
      >
        n
      </p>
      <p
        class="chakra-text css-20vt0i"
      >
         
      </p>
      <p
        class="chakra-text css-20vt0i"
      >
        m
      </p>
      <p
        class="chakra-text css-20vt0i"
      >
        o
      </p>
      <p
        class="chakra-text css-20vt0i"
      >
        d
      </p>
      <p
        class="chakra-text css-20vt0i"
      >
        e
      </p>
      <p
        class="chakra-text css-20vt0i"
      >
        .
      </p>
    </div>
  </div>
</div>
`;
