// Jest Snapshot v1, https://goo.gl/fbAQLP

exports[`About project should render correctly 1`] = `
<div>
  <div
    class="css-0"
  >
    <h2
      class="chakra-heading css-ggj6r2"
    >
      Apple mac OS simulator
      <p
        class="chakra-text css-g5hezf"
      >
        v0.4.0
      </p>
    </h2>
    <div
      class="css-1q9a503"
    >
      <a
        class="chakra-button css-4xx2wk"
        href="https://github.com/onemanfighter/ar-mac-portfolio"
        target="_blank"
      >
        ⭐️ Star on GitHub
      </a>
      <iframe
        height="32"
        src="https://github.com/sponsors/onemanfighter/button"
        title="Sponsor onemanfighter"
        width="114"
      />
    </div>
    <p
      class="chakra-text css-e72f3b"
    >
      This is an open-source project to simulate the Apple mac OS interface. This project is built using ReactJS. You can contribute to this project by giving a star on GitHub.
    </p>
  </div>
</div>
`;
